[backblue.gif]
[fade.gif]
[index.html]
[framerusercontent.com/images/i2fh0ETPVtII0GJgKrs9H471Bo.png]
[framerusercontent.com/images/yvrdD9OPsC5rBCjGIRt8rrSDIug.png]
[framerusercontent.com/assets/f4mOLnPXCzHM7KHAFEkHMuaeDw.png]
[framerusercontent.com/images/2phuXW9stHbgs2KqeS2qJXecQU4c3b.png]
[framerusercontent.com/images/BABkIc0DHDlPXr264luo8fkOPc30dd.png]
[framerusercontent.com/images/6OWI5hWP9XNWB6J7P9DwSjCJ1U4bef.png]
[framerusercontent.com/images/10sPZOUu5uOWPPKlnTRTifBhL43910.png]
[framerusercontent.com/images/naPlymY0TwrMMRjo2oDY1ZIBcc09f.png]
[framerusercontent.com/images/XHYAA3kcuQbAQQetwjd4ZkZcEc319.png]
[framerusercontent.com/images/z9IXBYMYvb7NP5mQUyhfjrNGNIM1b5a.png]
[framerusercontent.com/images/z9IXBYMYvb7NP5mQUyhfjrNGNIM56f9.png]
[framerusercontent.com/images/L9o68QoionLOT0n8qVJq2jR8b8d7.png]
[framerusercontent.com/images/L9o68QoionLOT0n8qVJq2jR89eac.png]
[framerusercontent.com/images/LLKlVGCKmbBn9ZfaasOGfBKso6377.png]
[framerusercontent.com/images/vjfNXT3YtLcFhZPYvUQA52BP4od30e.png]
[framerusercontent.com/images/vjfNXT3YtLcFhZPYvUQA52BP4odd87.png]
[framerusercontent.com/images/OBaLn3NhNxon0JBcph43NiC8nw4f82.png]
[framerusercontent.com/images/OBaLn3NhNxon0JBcph43NiC8nwd2d0.png]
[framerusercontent.com/images/2BOV7PCdHy8KOdzjtUawNXYnaoQ5a8c.png]
[framerusercontent.com/images/2BOV7PCdHy8KOdzjtUawNXYnaoQeac4.png]
[framerusercontent.com/images/2BOV7PCdHy8KOdzjtUawNXYnaoQ03ea.png]
[framerusercontent.com/images/2BOV7PCdHy8KOdzjtUawNXYnaoQ0d7f.png]
[framerusercontent.com/images/xM1baCUSmEWPm8Hb7zLFKnYuYad00.png]
[framerusercontent.com/images/xM1baCUSmEWPm8Hb7zLFKnYuYfa7c.png]
[framerusercontent.com/images/MTWvVbpvgADVbsJWtetKoSw9k0ad00.png]
[framerusercontent.com/images/MTWvVbpvgADVbsJWtetKoSw9k0fa7c.png]
[framerusercontent.com/images/pZ1TXGZjH7YWJsEXFgwkbMF4l4c623.png]
[framerusercontent.com/images/MKd3uElQsrjY1AFw5Rft2gGCtY2b89.png]
[framerusercontent.com/images/Msj5osjjBaLROYkL64S3RikqEUbfe2.png]
[framerusercontent.com/images/pi9vILspxn9RC6IzrcIDrHxWaPk0215.png]
[framerusercontent.com/images/hdglLRnBZsEHArp7NOSgnpVa4fe42.png]
[framerusercontent.com/images/QXIaGSdwVUTfPJOVa0U739PZktMfe42.png]
[framerusercontent.com/images/lBuUwlSxyfbInITBsKcNlKEqjqAfe42.png]
[framerusercontent.com/images/QI4Qj1ZM7uFgNfZZXBYJ79HXTWk5a76.png]
[framerusercontent.com/images/QI4Qj1ZM7uFgNfZZXBYJ79HXTWkd82f.png]
[framerusercontent.com/images/A6FxHZ4VnALOG85Zj2DqCMmZsU2678.png]
[framerusercontent.com/images/A6FxHZ4VnALOG85Zj2DqCMmZsU4f12.png]
[framerusercontent.com/images/oKIg0vEHNBbO35gn2rhKhPLwQ2678.png]
[framerusercontent.com/images/oKIg0vEHNBbO35gn2rhKhPLwQ4f12.png]
[framerusercontent.com/images/TMNxftgk8yXRurYjmU8hiedCo5351.png]
[framerusercontent.com/images/TMNxftgk8yXRurYjmU8hiedCo6b93.png]
[framerusercontent.com/images/TMNxftgk8yXRurYjmU8hiedCo1d8e.png]
[framerusercontent.com/images/TMNxftgk8yXRurYjmU8hiedCo6184.png]
[framerusercontent.com/images/bYuB3fJQ7rGID1yLX18tHua6XGAe185.png]
[framerusercontent.com/images/hSvsVeQiC5E0Z0WGHCVPOKAJBc053d.png]
[framerusercontent.com/images/gER8dVheWB8ggE316ZsV5vJuA053d.png]
[framerusercontent.com/images/PMNAzr0qRpEmFHo9lxGTDZY54Q053d.png]
[framerusercontent.com/images/LUHOLaLuoFYek0MHfBMWxWIGz43328.png]
[framerusercontent.com/images/d2KK5KCpXNPGk5zcUoOd9qmjFk3328.png]
[framerusercontent.com/images/CHHrdeM4uRyWAeIB6i6lK2RfSI1759.gif]
[framerusercontent.com/images/ivFG6p7FWywaLP1rLKjrcV3hqQ0215.png]
[framerusercontent.com/images/6CbwTWOUsbOpSNj52T15yRoxGMe725.png]
[framerusercontent.com/images/r7al7ZZmJnsGQPjnEQigo3AjI0215.png]
[framerusercontent.com/images/fbSof4jMf1a0EjECjxpbcWkge725.png]
[framerusercontent.com/images/ILQZj7yNC2ykFChm72Kp3RmW4M0215.png]
[framerusercontent.com/images/q4owbhQxf9Kmq9juwTvOHEEbUf82b.png]
[framerusercontent.com/images/qGleZC7xGDfonscyA49s7bdiC98f82b.png]
[framerusercontent.com/images/dEG7EXKk1gDzEGu2SNp4nMOkcf82b.png]
[framerusercontent.com/images/Fm9HcFIxYPW0HmoB7fqxCdLuzggf82b.png]
[framerusercontent.com/images/L8RKjncYrWBNpqnvb218IHTvq3Ef82b.png]
[framerusercontent.com/images/1zApTDbckoxm6mSnXdSyALMY8k4f82b.png]
[framerusercontent.com/images/fdhtbTrc0CtrfrfNImA6Q6jiYwf82b.png]
[framerusercontent.com/images/UeyvkdvNWsK9kb0Rr47p9Z7gMf82b.png]
[framerusercontent.com/images/hfJUxsRniIJ4msHk78U7QoPeOacf82b.png]
[framerusercontent.com/images/RysKxdMhG1SPmz2jF5YEXwjY5Yf82b.png]
[framerusercontent.com/images/BsbzD4VCQlmqPoTVDfCXFFqP6Ef82b.png]
[framerusercontent.com/images/UL7hK3woLUjXU0LpurNkooViFeA8d0c.png]
[framerusercontent.com/images/UL7hK3woLUjXU0LpurNkooViFeA500d.png]
[framerusercontent.com/images/UL7hK3woLUjXU0LpurNkooViFeAd5c6.png]
[framerusercontent.com/images/2tZI8G4wXWIOPkCvcydUVBiKQrMfb41.png]
[framerusercontent.com/images/5INzhiR9y5rJfQCaOayOHoPOfjgaa0e.png]
[framerusercontent.com/images/5INzhiR9y5rJfQCaOayOHoPOfjge942.png]
[framerusercontent.com/images/1oAKuabwjNozu5cwZgBQXUdq88e54.png]
[framerusercontent.com/images/OmdxxK0MckII0ZhxLp3htbNFHs7dd5.png]
[framerusercontent.com/images/OmdxxK0MckII0ZhxLp3htbNFHs5cf9.png]
[framerusercontent.com/images/TizVi0egAjctc8wDsGt4dja6kA56b0.png]
[framerusercontent.com/images/TizVi0egAjctc8wDsGt4dja6kA9ed9.png]
[framerusercontent.com/images/jeUxGRFD6xQMnmLMTwummecM3ak25b6.png]
[framerusercontent.com/images/jeUxGRFD6xQMnmLMTwummecM3ak3c16.png]
[framerusercontent.com/images/jeUxGRFD6xQMnmLMTwummecM3ak3330.png]
[framerusercontent.com/images/zxvlfGlrte13AfXDzK87rvIYuM56b0.png]
[framerusercontent.com/images/zxvlfGlrte13AfXDzK87rvIYuM9ed9.png]
[framerusercontent.com/images/BJRGyUPHwry4safKJbEJ6KYyvI56b0.png]
[framerusercontent.com/images/BJRGyUPHwry4safKJbEJ6KYyvI9ed9.png]
[framerusercontent.com/images/cmMkedPPHQRkAShnmUn1lEZAz819a6.png]
[framerusercontent.com/images/nTfNJZjOR1uw5CIyILlXQVOkdZodc93.png]
[framerusercontent.com/images/0KBf52OLV7mp4BnDFbG6kpvE0nA9adb.png]
[framerusercontent.com/images/0KBf52OLV7mp4BnDFbG6kpvE0nA90ee.png]
[framerusercontent.com/images/QBD2k1knpa2HO0AuYLYyjfzAf641.png]
[framerusercontent.com/images/QBD2k1knpa2HO0AuYLYyjfzAe726.png]
[framerusercontent.com/images/QBD2k1knpa2HO0AuYLYyjfzA749e.png]
[framerusercontent.com/images/QBD2k1knpa2HO0AuYLYyjfzAee80.png]
[framerusercontent.com/images/oqfT8NRiJAsL1UUlwOLKNaARAA506f.png]
[framerusercontent.com/images/oqfT8NRiJAsL1UUlwOLKNaARAAf6c9.png]
[framerusercontent.com/images/oqfT8NRiJAsL1UUlwOLKNaARAA97a6.png]
[framerusercontent.com/images/oqfT8NRiJAsL1UUlwOLKNaARAA419a.png]
[framerusercontent.com/images/oqfT8NRiJAsL1UUlwOLKNaARAAffc9.png]
[framerusercontent.com/images/f4mOLnPXCzHM7KHAFEkHMuaeDwc382.png]
[framerusercontent.com/images/f4mOLnPXCzHM7KHAFEkHMuaeDwf4e2.png]
[framerusercontent.com/images/f4mOLnPXCzHM7KHAFEkHMuaeDw6875.png]
[framerusercontent.com/images/jeUxGRFD6xQMnmLMTwummecM3ak74ce.png]
[framerusercontent.com/images/TizVi0egAjctc8wDsGt4dja6kAc596.png]
[framerusercontent.com/images/zxvlfGlrte13AfXDzK87rvIYuM7813.png]
[onefin.framer.website/index.html]
[framerusercontent.com/images/BJRGyUPHwry4safKJbEJ6KYyvI69d3.png]
[framerusercontent.com/images/brDjQ9FKiJg6kFs0X0MVPgSRyiwa0df.png]
[framerusercontent.com/images/brDjQ9FKiJg6kFs0X0MVPgSRyiwf338.png]
[framerusercontent.com/images/brDjQ9FKiJg6kFs0X0MVPgSRyiwa288.png]
[framerusercontent.com/images/brDjQ9FKiJg6kFs0X0MVPgSRyiw897f.png]
[framerusercontent.com/images/PEdlUrQD7WXskBFdCCMjHlx5wkeb4e.png]
[framerusercontent.com/images/zzmCRihW9E1A7tRojdbrZhVDIeb4e.png]
[framerusercontent.com/images/1XHANRSYb4ET2EexXBiigttbXAeb4e.png]
[framerusercontent.com/images/OCK8VlrqNehe8S9MSHkKYawus86713.png]
[framerusercontent.com/images/OCK8VlrqNehe8S9MSHkKYawus8cade.png]
[framerusercontent.com/images/OCK8VlrqNehe8S9MSHkKYawus848a9.png]
[framerusercontent.com/images/5LLvQDMfPpYwvBOk3ZfRycLY5E77c1.png]
[framerusercontent.com/images/ryrWwm2PyuFJVCOzhPHOdPpW2o77c1.png]
[framerusercontent.com/images/1MV4G2aNDpBRR8ky8zs4xeMyec477c1.png]
[framerusercontent.com/images/9AO7mcqTDxrept8YtDdmIO3j3Hg77c1.png]
[onefin.framer.website/about.html]
[framerusercontent.com/images/OWlqXKrFYuacOccYNjGYjd5WHAM9f1f.png]
[framerusercontent.com/images/OWlqXKrFYuacOccYNjGYjd5WHAMed74.png]
[framerusercontent.com/images/OWlqXKrFYuacOccYNjGYjd5WHAM4e55.png]
[framerusercontent.com/images/EVZLeszHxtdCmSGlsIyfG1I1hQ7ff5.png]
[framerusercontent.com/images/BRGZraz4iyW8gnlS3N3AYs9YU07ff5.png]
[framerusercontent.com/images/iHkiVn1FUe49hCHvYwPHKdx6U8w7ff5.png]
[framerusercontent.com/images/UnsCvK4LV2NRrH4CcqPHLdzA187ff5.png]
[onefin.framer.website/features.html]
[onefin.framer.website/pricing.html]
[framerusercontent.com/images/LCOG3xG3LsLOuiJDaTeHAzbANlU56b0.png]
[framerusercontent.com/images/LCOG3xG3LsLOuiJDaTeHAzbANlU9ed9.png]
[framerusercontent.com/images/wtcKmkYBwiN8DGQspxlCzled1AI56b0.png]
[framerusercontent.com/images/wtcKmkYBwiN8DGQspxlCzled1AI9ed9.png]
[framerusercontent.com/images/y7HuOgqaJl8K8LdzIejckJRLM56b0.png]
[framerusercontent.com/images/y7HuOgqaJl8K8LdzIejckJRLM9ed9.png]
[framerusercontent.com/images/qUcgvSjrhNUcmvyD8d713U72mOo56b0.png]
[framerusercontent.com/images/qUcgvSjrhNUcmvyD8d713U72mOo9ed9.png]
[framerusercontent.com/images/iFoDIPdedtA88reDpyrx6XrbT0s56b0.png]
[framerusercontent.com/images/iFoDIPdedtA88reDpyrx6XrbT0s9ed9.png]
[framerusercontent.com/images/5zUwO95I5OJnhW0fbt3cJQokjCs56b0.png]
[framerusercontent.com/images/5zUwO95I5OJnhW0fbt3cJQokjCs9ed9.png]
[framerusercontent.com/images/LCOG3xG3LsLOuiJDaTeHAzbANlU961b.png]
[framerusercontent.com/images/wtcKmkYBwiN8DGQspxlCzled1AIdff9.png]
[framerusercontent.com/images/y7HuOgqaJl8K8LdzIejckJRLMf94c.png]
[framerusercontent.com/images/qUcgvSjrhNUcmvyD8d713U72mOoa51c.png]
[framerusercontent.com/images/iFoDIPdedtA88reDpyrx6XrbT0sbc37.png]
[framerusercontent.com/images/5zUwO95I5OJnhW0fbt3cJQokjCs1f2a.png]
[onefin.framer.website/blog.html]
[framerusercontent.com/images/nxJEWmp9PWmlz37LlxM6EJYyIo6daf.png]
[framerusercontent.com/images/nxJEWmp9PWmlz37LlxM6EJYyIoee02.png]
[framerusercontent.com/images/nxJEWmp9PWmlz37LlxM6EJYyIod10a.png]
[framerusercontent.com/images/MFBGjChd2DlrSzywv8qU1GK1E6b55.png]
[framerusercontent.com/images/Lgygn1lKS5FccdlJj21fqBLYcE20cf.png]
[framerusercontent.com/images/2CC2GkjiemwgeFyJHzOMv4vpJI4654.png]
[framerusercontent.com/images/9Q96Y8nE4MG9swEmya349ltVse19c.png]
[framerusercontent.com/images/9Q96Y8nE4MG9swEmya349ltVs80e7.png]
[framerusercontent.com/images/WcPK5LWYEkuJk22kttOwmWva6083d2.png]
[framerusercontent.com/images/WcPK5LWYEkuJk22kttOwmWva60ede9.png]
[framerusercontent.com/images/CGj0STsnEQ7DdiGB76zra9WbiA07da.png]
[framerusercontent.com/images/CGj0STsnEQ7DdiGB76zra9WbiA19c9.png]
[framerusercontent.com/images/WbMb10Qm7vsT0sxiL3jMdQbJ8Y7dbf.png]
[framerusercontent.com/images/WbMb10Qm7vsT0sxiL3jMdQbJ8Y7ec0.png]
[framerusercontent.com/images/WbMb10Qm7vsT0sxiL3jMdQbJ8Y6cc3.png]
[framerusercontent.com/images/pLnA9U0lXGWbxKcTgNL4zdFhr7E6ddb.png]
[framerusercontent.com/images/Ac3bMgSW1PeXPdo406en50kNGO8ebfe.png]
[framerusercontent.com/images/Ac3bMgSW1PeXPdo406en50kNGO81288.png]
[framerusercontent.com/images/NHJb6EUAwULFenMh0vkNJuvj8fc1c.png]
[framerusercontent.com/images/NHJb6EUAwULFenMh0vkNJuvj8a12f.png]
[framerusercontent.com/images/w9ThgU8zzikQoZl36ScwDQh2KvU7650.png]
[framerusercontent.com/images/Zy0AFivHvmMVj6MzHgQ3KYxY6ddb.png]
[framerusercontent.com/images/nIKhuj0QUL6LZ7s7kDoO6KZJMkde1e.png]
[framerusercontent.com/images/nIKhuj0QUL6LZ7s7kDoO6KZJMk19ef.png]
[framerusercontent.com/images/AtpInJPB9ehw3VGr0WNo7pOQM6ddb.png]
[framerusercontent.com/images/MzvLTVCH7NS0fdPGTYm6haENChQa508.png]
[framerusercontent.com/images/MzvLTVCH7NS0fdPGTYm6haENChQ956e.png]
[framerusercontent.com/images/bQCyoUnV06pallrgjkzRgcBHfE20cf.png]
[onefin.framer.website/careers.html]
[onefin.framer.website/contact.html]
[framerusercontent.com/images/n2jQwiHfLzAhm4Y6mvZZ5yoBAA40586.png]
[framerusercontent.com/images/n2jQwiHfLzAhm4Y6mvZZ5yoBAA4fa81.png]
[framerusercontent.com/images/n2jQwiHfLzAhm4Y6mvZZ5yoBAA4edfa.png]
[onefin.framer.website/blog/the-future-of-digital-payments-what-it-means-for-you.html]
[onefin.framer.website/blog/investing-for-beginners-a-step-by-step-guide.html]
[onefin.framer.website/blog/how-ai-is-changing-personal-finance.html]
[onefin.framer.website/blog/how-to-create-a-budget-that-actually-works.html]
[onefin.framer.website/blog/the-rise-of-embedded-finance.html]
[onefin.framer.website/faqs.html]
[onefin.framer.website/404.html]
[onefin.framer.website/changelog.html]
[onefin.framer.website/terms-of-service.html]
[onefin.framer.website/privacy-policy.html]
[onefin.framer.website/careers/growth-partnerships-lead.html]
[onefin.framer.website/blog/5-simple-habits-that-make-you-better-with-money.html]
[onefin.framer.website/blog/the-psychology-behind-saving-habits.html]
[onefin.framer.website/blog/simple-ways-to-take-control-of-your-spending.html]
[onefin.framer.website/blog/the-future-of-digital-payments.html]
[onefin.framer.website/blog/investing-101-how-to-start-with-confidence.html]
[onefin.framer.website/careers/product-designer.html]
[onefin.framer.website/careers/founding-ai-engineer.html]
[onefin.framer.website/careers/full-stack-engineer.html]
